// Jest Snapshot v1, https://goo.gl/fbAQLP

exports[`Rendered TodoView Create snapshot 1`] = `
.c2 {
  font-size: 0.875rem;
}

.c0 {
  font-size: 0.875rem;
}

.c1 {
  margin: 15px 0px;
  font-size: 2rem;
  color: #333333;
}

<div
  className="TodoView"
>
  <div
    className="TodoList"
  >
    <button
      className="c0"
      onClick={[Function]}
    >
      X
    </button>
    <h2
      className="c1"
    >
      My Todo
    </h2>
    <ul
      className="TodoList__list"
    >
      <li
        className="danger"
      >
        <div>
          <span>
            hello
          </span>
          <button
            className="c0"
            onClick={[Function]}
          >
            delete
          </button>
        </div>
      </li>
      <li
        className="warning"
      >
        <div>
          <span>
            hello
          </span>
          <button
            className="c0"
            onClick={[Function]}
          >
            delete
          </button>
        </div>
      </li>
    </ul>
    <form
      onSubmit={[Function]}
    >
      <input
        className="c2"
        onChange={[Function]}
        placeholder="Unlabeld"
        value=""
      />
      <button
        className="c0"
        type="submit"
      >
        Add
      </button>
    </form>
  </div>
  <div>
    <button
      className="c0"
      onClick={[Function]}
    >
      Add new todo
    </button>
  </div>
</div>
`;
